// Jest Snapshot v1, https://goo.gl/fbAQLP

exports[`renders "Paragraph" with no props 1`] = `
<div>
  <p>
    Tab 1
  </p>
  <p>
    Tab 2
  </p>
  <p>
    Tab 3
  </p>
</div>
`;
