// Jest Snapshot v1, https://goo.gl/fbAQLP

exports[`renders "ToggleButtons" with default config 1`] = `
<div
  class="sc-htpNat KtFsv"
>
  <div
    class="sc-bxivhb cvszCC"
  >
    <button
      tabindex="0"
      class="MuiButtonBase-root-23 MuiButton-root-1 MuiButton-flat-5 sc-ifAKCX ixzayO sc-bdVaJa kSjfNl"
      type="button"
      options="[object Object]"
    >
      <span
        class="MuiButton-label-2"
      >
        <span
          class="sc-bwzfXH czactv"
        >
          <svg
            aria-hidden="true"
            data-prefix="fas"
            data-icon="coffee"
            class="svg-inline--fa fa-coffee fa-w-20 "
            role="img"
            xmlns="http://www.w3.org/2000/svg"
            viewBox="0 0 640 512"
          >
            <path
              fill="currentColor"
              d="M192 384h192c53 0 96-43 96-96h32c70.6 0 128-57.4 128-128S582.6 32 512 32H120c-13.3 0-24 10.7-24 24v232c0 53 43 96 96 96zM512 96c35.3 0 64 28.7 64 64s-28.7 64-64 64h-32V96h32zm47.7 384H48.3c-47.6 0-61-64-36-64h583.3c25 0 11.8 64-35.9 64z"
            />
          </svg>
        </span>
        <span>
          Test left
        </span>
      </span>
      <span
        class="MuiTouchRipple-root-26"
      />
    </button>
    <div
      class="sc-bZQynM bfpLxY"
    />
  </div>
  <button
    tabindex="0"
    class="MuiButtonBase-root-23 MuiButton-root-1 MuiButton-flat-5 sc-EHOje hphWFf sc-bdVaJa kSjfNl"
    type="button"
    options="[object Object]"
  >
    <span
      class="MuiButton-label-2"
    >
      <span
        class="sc-bwzfXH czactv"
      >
        <svg
          aria-hidden="true"
          data-prefix="fas"
          data-icon="coffee"
          class="svg-inline--fa fa-coffee fa-w-20 "
          role="img"
          xmlns="http://www.w3.org/2000/svg"
          viewBox="0 0 640 512"
        >
          <path
            fill="currentColor"
            d="M192 384h192c53 0 96-43 96-96h32c70.6 0 128-57.4 128-128S582.6 32 512 32H120c-13.3 0-24 10.7-24 24v232c0 53 43 96 96 96zM512 96c35.3 0 64 28.7 64 64s-28.7 64-64 64h-32V96h32zm47.7 384H48.3c-47.6 0-61-64-36-64h583.3c25 0 11.8 64-35.9 64z"
          />
        </svg>
      </span>
      <span>
        Test right
      </span>
    </span>
    <span
      class="MuiTouchRipple-root-26"
    />
  </button>
</div>
`;
