// Jest Snapshot v1, https://goo.gl/fbAQLP

exports[`renders "FilterTag" with title and callback 1`] = `
<div
  class="sc-bdVaJa ekyklS"
>
  <div
    class="sc-htpNat jjwzWA"
  >
    test
  </div>
</div>
`;
