// Jest Snapshot v1, https://goo.gl/fbAQLP

exports[`renders "Slider" with 5 elements 1`] = `
<div
  class="slick-initialized slick-slider sc-bdVaJa gqbKCE"
>
  <div
    class="slick-arrow slick-prev"
    style="display: block;"
  >
    <svg
      aria-hidden="true"
      data-prefix="fas"
      data-icon="angle-left"
      class="svg-inline--fa fa-angle-left fa-w-8 "
      role="img"
      xmlns="http://www.w3.org/2000/svg"
      viewBox="0 0 256 512"
    >
      <path
        fill="currentColor"
        d="M31.7 239l136-136c9.4-9.4 24.6-9.4 33.9 0l22.6 22.6c9.4 9.4 9.4 24.6 0 33.9L127.9 256l96.4 96.4c9.4 9.4 9.4 24.6 0 33.9L201.7 409c-9.4 9.4-24.6 9.4-33.9 0l-136-136c-9.5-9.4-9.5-24.6-.1-34z"
      />
    </svg>
  </div>
  <div
    class="slick-list"
  >
    <div
      class="slick-track"
      style="opacity: 1;"
    >
      <div
        data-index="-3"
        class="slick-slide slick-cloned"
        style="width: 0px;"
      >
        <div
          class="sc-bwzfXH iOpBWD"
        >
          Number: 
          3
          <br />
          Lorem ipsum dolor sit amet, consectetur adipiscing elit. Donec fermentum magna eu velit semper hendrerit.
        </div>
      </div>
      <div
        data-index="-2"
        class="slick-slide slick-cloned"
        style="width: 0px;"
      >
        <div
          class="sc-bwzfXH iOpBWD"
        >
          Number: 
          4
          <br />
          Lorem ipsum dolor sit amet, consectetur adipiscing elit. Donec fermentum magna eu velit semper hendrerit.
        </div>
      </div>
      <div
        data-index="-1"
        class="slick-slide slick-cloned"
        style="width: 0px;"
      >
        <div
          class="sc-bwzfXH iOpBWD"
        >
          Number: 
          5
          <br />
          Lorem ipsum dolor sit amet, consectetur adipiscing elit. Donec fermentum magna eu velit semper hendrerit.
        </div>
      </div>
      <div
        data-index="0"
        class="slick-slide slick-active"
        tabindex="-1"
        style="outline: none; width: 0px;"
      >
        <div
          class="sc-bwzfXH iOpBWD"
        >
          Number: 
          1
          <br />
          Lorem ipsum dolor sit amet, consectetur adipiscing elit. Donec fermentum magna eu velit semper hendrerit.
        </div>
      </div>
      <div
        data-index="1"
        class="slick-slide slick-active"
        tabindex="-1"
        style="outline: none; width: 0px;"
      >
        <div
          class="sc-bwzfXH iOpBWD"
        >
          Number: 
          2
          <br />
          Lorem ipsum dolor sit amet, consectetur adipiscing elit. Donec fermentum magna eu velit semper hendrerit.
        </div>
      </div>
      <div
        data-index="2"
        class="slick-slide slick-active"
        tabindex="-1"
        style="outline: none; width: 0px;"
      >
        <div
          class="sc-bwzfXH iOpBWD"
        >
          Number: 
          3
          <br />
          Lorem ipsum dolor sit amet, consectetur adipiscing elit. Donec fermentum magna eu velit semper hendrerit.
        </div>
      </div>
      <div
        data-index="3"
        class="slick-slide"
        tabindex="-1"
        style="outline: none; width: 0px;"
      >
        <div
          class="sc-bwzfXH iOpBWD"
        >
          Number: 
          4
          <br />
          Lorem ipsum dolor sit amet, consectetur adipiscing elit. Donec fermentum magna eu velit semper hendrerit.
        </div>
      </div>
      <div
        data-index="4"
        class="slick-slide"
        tabindex="-1"
        style="outline: none; width: 0px;"
      >
        <div
          class="sc-bwzfXH iOpBWD"
        >
          Number: 
          5
          <br />
          Lorem ipsum dolor sit amet, consectetur adipiscing elit. Donec fermentum magna eu velit semper hendrerit.
        </div>
      </div>
      <div
        data-index="5"
        class="slick-slide slick-cloned"
        style="width: 0px;"
      >
        <div
          class="sc-bwzfXH iOpBWD"
        >
          Number: 
          1
          <br />
          Lorem ipsum dolor sit amet, consectetur adipiscing elit. Donec fermentum magna eu velit semper hendrerit.
        </div>
      </div>
      <div
        data-index="6"
        class="slick-slide slick-cloned"
        style="width: 0px;"
      >
        <div
          class="sc-bwzfXH iOpBWD"
        >
          Number: 
          2
          <br />
          Lorem ipsum dolor sit amet, consectetur adipiscing elit. Donec fermentum magna eu velit semper hendrerit.
        </div>
      </div>
      <div
        data-index="7"
        class="slick-slide slick-cloned"
        style="width: 0px;"
      >
        <div
          class="sc-bwzfXH iOpBWD"
        >
          Number: 
          3
          <br />
          Lorem ipsum dolor sit amet, consectetur adipiscing elit. Donec fermentum magna eu velit semper hendrerit.
        </div>
      </div>
    </div>
  </div>
  <div
    class="slick-arrow slick-next"
    style="display: block;"
  >
    <svg
      aria-hidden="true"
      data-prefix="fas"
      data-icon="angle-right"
      class="svg-inline--fa fa-angle-right fa-w-8 "
      role="img"
      xmlns="http://www.w3.org/2000/svg"
      viewBox="0 0 256 512"
    >
      <path
        fill="currentColor"
        d="M224.3 273l-136 136c-9.4 9.4-24.6 9.4-33.9 0l-22.6-22.6c-9.4-9.4-9.4-24.6 0-33.9l96.4-96.4-96.4-96.4c-9.4-9.4-9.4-24.6 0-33.9L54.3 103c9.4-9.4 24.6-9.4 33.9 0l136 136c9.5 9.4 9.5 24.6.1 34z"
      />
    </svg>
  </div>
  <ul
    class="slick-dots"
    style="display: block;"
  >
    <li
      class="slick-active"
    >
      <button>
        1
      </button>
    </li>
    <li
      class=""
    >
      <button>
        2
      </button>
    </li>
  </ul>
</div>
`;
