// Jest Snapshot v1, https://goo.gl/fbAQLP

exports[`renders "AlertText" 1`] = `
<div
  class="sc-bdVaJa ieWZKV"
>
  <div
    class="sc-bwzfXH fNOhzS"
  >
    <div
      class="sc-htpNat lphCPo"
    />
    <div
      class="sc-bxivhb iyyakI"
    >
      Test text
    </div>
  </div>
</div>
`;
