// Jest Snapshot v1, https://goo.gl/fbAQLP

exports[`renders "Heading" with no props 1`] = `
<h1
  class="sc-bdVaJa exjBOy"
>
  Heading
</h1>
`;
