// Jest Snapshot v1, https://goo.gl/fbAQLP

exports[`renders "Heading" with no props 1`] = `
<h3
  class="sc-bdVaJa iHajuG"
>
  Heading
</h3>
`;
