// Jest Snapshot v1, https://goo.gl/fbAQLP

exports[`renders "InfoText" 1`] = `
<div
  class="sc-bdVaJa bjIpSr"
>
  <div
    class="sc-bwzfXH kYPaus"
  />
  <div
    class="sc-htpNat jnOBXG"
  >
    Test text
  </div>
</div>
`;
